// Jest Snapshot v1, https://goo.gl/fbAQLP

exports[`tests in <Counter /> should match with the snapshot 1`] = `
<div>
  <div>
    <section>
      <h2>
        100
      </h2>
    </section>
    <section>
      <button
        aria-label="btn-increment"
        type="button"
      >
        +1
      </button>
      <button
        aria-label="btn-decrement"
        type="button"
      >
        -1
      </button>
      <button
        aria-label="btn-reset"
        type="button"
      >
        Reset
      </button>
    </section>
  </div>
</div>
`;
